Orchestrator started at Wed Dec 24 12:33:37 EST 2025
2025-12-24 12:33:37 [INFO] [0;34mPHASE 1: Lead Import[0m
2025-12-24 12:33:37 [INFO] [0;34m----------------------------------------[0m
2025-12-24 12:33:37 [SUCCESS] [0;32mFound 38 raw leads in leads_raw.csv[0m
2025-12-24 12:33:37 [INFO] [0;34mPHASE 2: Lead Enrichment[0m
2025-12-24 12:33:37 [INFO] [0;34m----------------------------------------[0m
Enriched 38 leads
Output saved to: /home/ubuntu/sd_contractor_leadgen/data/leads_enriched.csv

Leads by Category:
  Concrete/Foundation: 2
  Design-Build/Remodeling: 12
  General Contractor: 20
  Modular Construction: 1
  Residential: 3
2025-12-24 12:33:37 [SUCCESS] [0;32mEnriched 38 leads successfully[0m
2025-12-24 12:33:37 [INFO] [0;34mPHASE 3: Outreach Preparation[0m
2025-12-24 12:33:37 [INFO] [0;34m----------------------------------------[0m
2025-12-24 12:33:37 [INFO] [0;34mRunning in DRY RUN mode (no emails will be sent)[0m
Loaded 38 enriched leads
Prepared 5 emails for outreach

[DRY RUN] Would send 5 emails:
  - To: info@ie-pacific.com
    Subject: Partnership Opportunity for I.E. - Pacific Inc.
  - To: info@alvarezandshaw.com
    Subject: Partnership Opportunity for Alvarez and Shaw Inc.
  - To: info@turnerconstruction.com
    Subject: Partnership Opportunity for Turner Construction Company
  - To: info@rjnoble.com
    Subject: Partnership Opportunity for R.J. Noble Company
  - To: info@cewylieconstruction.com
    Subject: Partnership Opportunity for C.E. Wylie Construction Co.

=====================================
OUTREACH STATUS REPORT
Generated: 2025-12-24 12:33:37
=====================================

Total Leads: 38
Pending Outreach: 38
Contacted: 0
Responded: 0

Conversion Rate: 0.0%
=====================================

2025-12-24 12:33:37 [SUCCESS] [0;32mOutreach preparation complete[0m
2025-12-24 12:33:37 [INFO] [0;34mGenerating Summary Report[0m
2025-12-24 12:33:37 [INFO] [0;34m----------------------------------------[0m
2025-12-24 12:33:37 [SUCCESS] [0;32mReport saved to: /home/ubuntu/sd_contractor_leadgen/data/orchestrator_report_2025-12-24_12-33-37.md[0m
2025-12-24 12:33:37 [SUCCESS] [0;32m========================================================[0m
2025-12-24 12:33:37 [SUCCESS] [0;32m  Orchestrator completed successfully![0m
2025-12-24 12:33:37 [SUCCESS] [0;32m  Log file: /home/ubuntu/sd_contractor_leadgen/logs/orchestrator_2025-12-24_12-33-37.log[0m
2025-12-24 12:33:37 [SUCCESS] [0;32m========================================================[0m
